\BOOKMARK [1][-]{Doc-Start}{Title}{}% 1
\BOOKMARK [1][-]{Doc-Start}{Table Of Contents}{}% 2
\BOOKMARK [1][-]{section.1}{Scouting Report}{}% 3
\BOOKMARK [1][-]{section.2}{Game at a Glance}{}% 4
\BOOKMARK [1][-]{section.3}{Quarter by Quarter}{}% 5
\BOOKMARK [2][-]{subsection.3.1}{Quarter 1}{section.3}% 6
\BOOKMARK [2][-]{subsection.3.2}{Quarter 2}{section.3}% 7
\BOOKMARK [2][-]{subsection.3.3}{Quarter 3}{section.3}% 8
\BOOKMARK [2][-]{subsection.3.4}{Quarter 4}{section.3}% 9
\BOOKMARK [1][-]{section.4}{Advanced Statistics}{}% 10
